apiVersion: v1
data:
    mapRoles: |
        - rolearn: arn:aws:iam::111122223333:role/admin-role
          username: admin-role
          groups:
            - system:masters
        - rolearn: arn:aws:iam::111122223333:role/tenant-acme-role
          username: acme
          groups:
            - tenant:acme
        - rolearn: arn:aws:iam::111122223333:role/tenant-umbrella-role
          username: umbrella
          groups:
            - tenant:umbrella
kind: ConfigMap
metadata:
    name: aws-auth
    namespace: kube-system
